{
  "logFormatVersion": 1,
  "jobId": "146ffc92-ce96-4607-9ec0-712486a711df",
  "status": "Accepted",
  "statusSummary": "Ready for distribution",
  "statusCode": 0,
  "archiveFilename": "Logisim-Evolution-5.3.0-HC.pkg",
  "uploadDate": "2026-06-26T02:57:29.386Z",
  "sha256": "680cfdc7c0160c0f4d0209b22c0040588baa42798a85e26240a2564ff5290fca",
  "ticketContents": [
    {
      "path": "Logisim-Evolution-5.3.0-HC.pkg/Logisim-Evolution-app.pkg Contents/Payload/Applications/Logisim-Evolution.app/Contents/app/logisim-evolution-5.3.0hc.jar/OSX/aarch64/libjSerialComm.jnilib",
      "digestAlgorithm": "SHA-256",
      "cdhash": "935ecc3cd7f73d57800bd055532259950e4f8f70",
      "arch": "arm64"
    },
    {
      "path": "Logisim-Evolution-5.3.0-HC.pkg/Logisim-Evolution-app.pkg Contents/Payload/Applications/Logisim-Evolution.app",
      "digestAlgorithm": "SHA-256",
      "cdhash": "d321132a0967b09d1f7017634cf27169a29eb2c3",
      "arch": "arm64"
    },
    {
      "path": "Logisim-Evolution-5.3.0-HC.pkg/Logisim-Evolution-app.pkg Contents/Payload/Applications/Logisim-Evolution.app/Contents/MacOS/Logisim-Evolution",
      "digestAlgorithm": "SHA-256",
      "cdhash": "d321132a0967b09d1f7017634cf27169a29eb2c3",
      "arch": "arm64"
    },
    {
      "path": "Logisim-Evolution-5.3.0-HC.pkg/Logisim-Evolution-app.pkg Contents/Payload/Applications/Logisim-Evolution.app/Contents/runtime/Contents/Home/bin/java",
      "digestAlgorithm": "SHA-256",
      "cdhash": "6b2edd4103e2917adca6bb179683e3c3929d9041",
      "arch": "arm64"
    },
    {
      "path": "Logisim-Evolution-5.3.0-HC.pkg/Logisim-Evolution-app.pkg Contents/Payload/Applications/Logisim-Evolution.app/Contents/runtime/Contents/Home/bin/keytool",
      "digestAlgorithm": "SHA-256",
      "cdhash": "57d2656224044f4b8a8bdfd98ff6d634e05be2b1",
      "arch": "arm64"
    },
    {
      "path": "Logisim-Evolution-5.3.0-HC.pkg/Logisim-Evolution-app.pkg Contents/Payload/Applications/Logisim-Evolution.app/Contents/runtime/Contents/Home/lib/libnet.dylib",
      "digestAlgorithm": "SHA-256",
      "cdhash": "49089d80a4de12f3ff6b35727dcbcbac205bb123",
      "arch": "arm64"
    },
    {
      "path": "Logisim-Evolution-5.3.0-HC.pkg/Logisim-Evolution-app.pkg Contents/Payload/Applications/Logisim-Evolution.app/Contents/runtime/Contents/Home/lib/libnio.dylib",
      "digestAlgorithm": "SHA-256",
      "cdhash": "650e7b5be81e38050ceeaef9d2be649800465537",
      "arch": "arm64"
    },
    {
      "path": "Logisim-Evolution-5.3.0-HC.pkg/Logisim-Evolution-app.pkg Contents/Payload/Applications/Logisim-Evolution.app/Contents/runtime/Contents/Home/lib/libzip.dylib",
      "digestAlgorithm": "SHA-256",
      "cdhash": "ded18788ad6c6a06a6aef788944f452c87fd0439",
      "arch": "arm64"
    },
    {
      "path": "Logisim-Evolution-5.3.0-HC.pkg/Logisim-Evolution-app.pkg Contents/Payload/Applications/Logisim-Evolution.app/Contents/runtime/Contents/Home/lib/libfreetype.dylib",
      "digestAlgorithm": "SHA-256",
      "cdhash": "4f8392b397775e36871ddc576dedadf2b36d694c",
      "arch": "arm64"
    },
    {
      "path": "Logisim-Evolution-5.3.0-HC.pkg/Logisim-Evolution-app.pkg Contents/Payload/Applications/Logisim-Evolution.app/Contents/runtime/Contents/Home/lib/libjli.dylib",
      "digestAlgorithm": "SHA-256",
      "cdhash": "1715ff061a1e8b81496c1d076c27ded14dbd6c0f",
      "arch": "arm64"
    },
    {
      "path": "Logisim-Evolution-5.3.0-HC.pkg/Logisim-Evolution-app.pkg Contents/Payload/Applications/Logisim-Evolution.app/Contents/runtime/Contents/Home/lib/libsplashscreen.dylib",
      "digestAlgorithm": "SHA-256",
      "cdhash": "3ed53db333328e1fdb7ddd790bb01264114758b9",
      "arch": "arm64"
    },
    {
      "path": "Logisim-Evolution-5.3.0-HC.pkg/Logisim-Evolution-app.pkg Contents/Payload/Applications/Logisim-Evolution.app/Contents/runtime/Contents/Home/lib/libjimage.dylib",
      "digestAlgorithm": "SHA-256",
      "cdhash": "8c8cd91bd68309ffde361eac7037103ee15ee796",
      "arch": "arm64"
    },
    {
      "path": "Logisim-Evolution-5.3.0-HC.pkg/Logisim-Evolution-app.pkg Contents/Payload/Applications/Logisim-Evolution.app/Contents/runtime/Contents/Home/lib/libosxui.dylib",
      "digestAlgorithm": "SHA-256",
      "cdhash": "d95531439be9ee07caf4ba9c64de36d96d97515d",
      "arch": "arm64"
    },
    {
      "path": "Logisim-Evolution-5.3.0-HC.pkg/Logisim-Evolution-app.pkg Contents/Payload/Applications/Logisim-Evolution.app/Contents/runtime/Contents/Home/lib/libawt_lwawt.dylib",
      "digestAlgorithm": "SHA-256",
      "cdhash": "9a0c285ff98588abe0ceca265f62ee150225527a",
      "arch": "arm64"
    },
    {
      "path": "Logisim-Evolution-5.3.0-HC.pkg/Logisim-Evolution-app.pkg Contents/Payload/Applications/Logisim-Evolution.app/Contents/runtime/Contents/Home/lib/libjavajpeg.dylib",
      "digestAlgorithm": "SHA-256",
      "cdhash": "d09a0de94d87ffeffbb55f50afc8906faaff08be",
      "arch": "arm64"
    },
    {
      "path": "Logisim-Evolution-5.3.0-HC.pkg/Logisim-Evolution-app.pkg Contents/Payload/Applications/Logisim-Evolution.app/Contents/runtime/Contents/Home/lib/libmlib_image.dylib",
      "digestAlgorithm": "SHA-256",
      "cdhash": "b2fb7f457d168fba6b4fd25419410035e08684fa",
      "arch": "arm64"
    },
    {
      "path": "Logisim-Evolution-5.3.0-HC.pkg/Logisim-Evolution-app.pkg Contents/Payload/Applications/Logisim-Evolution.app/Contents/runtime/Contents/Home/lib/libjsound.dylib",
      "digestAlgorithm": "SHA-256",
      "cdhash": "e462094bec055d88e08039cdcc51302f32dab53c",
      "arch": "arm64"
    },
    {
      "path": "Logisim-Evolution-5.3.0-HC.pkg/Logisim-Evolution-app.pkg Contents/Payload/Applications/Logisim-Evolution.app/Contents/runtime/Contents/Home/lib/libjsig.dylib",
      "digestAlgorithm": "SHA-256",
      "cdhash": "127384b86ffb4c24feaa66b0e2a5dda3eec47bd8",
      "arch": "arm64"
    },
    {
      "path": "Logisim-Evolution-5.3.0-HC.pkg/Logisim-Evolution-app.pkg Contents/Payload/Applications/Logisim-Evolution.app/Contents/runtime/Contents/Home/lib/libprefs.dylib",
      "digestAlgorithm": "SHA-256",
      "cdhash": "a8ba5e31d16742223506e25ea557234ab7d73a59",
      "arch": "arm64"
    },
    {
      "path": "Logisim-Evolution-5.3.0-HC.pkg/Logisim-Evolution-app.pkg Contents/Payload/Applications/Logisim-Evolution.app/Contents/runtime/Contents/Home/lib/libjawt.dylib",
      "digestAlgorithm": "SHA-256",
      "cdhash": "df9e109848706baf3ca9fba0a9fbc8fd806354ce",
      "arch": "arm64"
    },
    {
      "path": "Logisim-Evolution-5.3.0-HC.pkg/Logisim-Evolution-app.pkg Contents/Payload/Applications/Logisim-Evolution.app/Contents/runtime/Contents/Home/lib/libfontmanager.dylib",
      "digestAlgorithm": "SHA-256",
      "cdhash": "d6161fbcd5a19fbf56b1386a79b3264343cea3eb",
      "arch": "arm64"
    },
    {
      "path": "Logisim-Evolution-5.3.0-HC.pkg/Logisim-Evolution-app.pkg Contents/Payload/Applications/Logisim-Evolution.app/Contents/runtime/Contents/Home/lib/jspawnhelper",
      "digestAlgorithm": "SHA-256",
      "cdhash": "81cdb811f6db1672ea776ea413b63acba247d257",
      "arch": "arm64"
    },
    {
      "path": "Logisim-Evolution-5.3.0-HC.pkg/Logisim-Evolution-app.pkg Contents/Payload/Applications/Logisim-Evolution.app/Contents/runtime/Contents/Home/lib/libosxsecurity.dylib",
      "digestAlgorithm": "SHA-256",
      "cdhash": "e423e4d1104d2a9d103073d06b7e2247c75a4ba0",
      "arch": "arm64"
    },
    {
      "path": "Logisim-Evolution-5.3.0-HC.pkg/Logisim-Evolution-app.pkg Contents/Payload/Applications/Logisim-Evolution.app/Contents/runtime/Contents/Home/lib/liblcms.dylib",
      "digestAlgorithm": "SHA-256",
      "cdhash": "88ee429bbc423ad544c765cb59593bba625c7d29",
      "arch": "arm64"
    },
    {
      "path": "Logisim-Evolution-5.3.0-HC.pkg/Logisim-Evolution-app.pkg Contents/Payload/Applications/Logisim-Evolution.app/Contents/runtime/Contents/Home/lib/libverify.dylib",
      "digestAlgorithm": "SHA-256",
      "cdhash": "ff2d719462460b3cefd889349ada1a579de5eb62",
      "arch": "arm64"
    },
    {
      "path": "Logisim-Evolution-5.3.0-HC.pkg/Logisim-Evolution-app.pkg Contents/Payload/Applications/Logisim-Evolution.app/Contents/runtime/Contents/Home/lib/libjava.dylib",
      "digestAlgorithm": "SHA-256",
      "cdhash": "f22bbde646bd5199ffadf655d2812faba581544d",
      "arch": "arm64"
    },
    {
      "path": "Logisim-Evolution-5.3.0-HC.pkg/Logisim-Evolution-app.pkg Contents/Payload/Applications/Logisim-Evolution.app/Contents/runtime/Contents/Home/lib/libawt.dylib",
      "digestAlgorithm": "SHA-256",
      "cdhash": "d973f0a74bbab97f73e585be60b713080c1ae8e2",
      "arch": "arm64"
    },
    {
      "path": "Logisim-Evolution-5.3.0-HC.pkg/Logisim-Evolution-app.pkg Contents/Payload/Applications/Logisim-Evolution.app/Contents/runtime/Contents/Home/lib/libosx.dylib",
      "digestAlgorithm": "SHA-256",
      "cdhash": "f70fd4041a9c2c19e5fb53158113190b5173a6ca",
      "arch": "arm64"
    },
    {
      "path": "Logisim-Evolution-5.3.0-HC.pkg/Logisim-Evolution-app.pkg Contents/Payload/Applications/Logisim-Evolution.app/Contents/runtime/Contents/Home/lib/libosxapp.dylib",
      "digestAlgorithm": "SHA-256",
      "cdhash": "dd932d0998468517932b7b057f5acf28b098e7b0",
      "arch": "arm64"
    },
    {
      "path": "Logisim-Evolution-5.3.0-HC.pkg/Logisim-Evolution-app.pkg Contents/Payload/Applications/Logisim-Evolution.app/Contents/runtime/Contents/Home/lib/server/libjvm.dylib",
      "digestAlgorithm": "SHA-256",
      "cdhash": "a349260099b9dc6322c53b1cec08070666f316c2",
      "arch": "arm64"
    },
    {
      "path": "Logisim-Evolution-5.3.0-HC.pkg/Logisim-Evolution-app.pkg Contents/Payload/Applications/Logisim-Evolution.app/Contents/runtime/Contents/Home/lib/server/libjsig.dylib",
      "digestAlgorithm": "SHA-256",
      "cdhash": "127384b86ffb4c24feaa66b0e2a5dda3eec47bd8",
      "arch": "arm64"
    },
    {
      "path": "Logisim-Evolution-5.3.0-HC.pkg/Logisim-Evolution-app.pkg Contents/Payload/Applications/Logisim-Evolution.app/Contents/runtime/Contents/MacOS/libjli.dylib",
      "digestAlgorithm": "SHA-256",
      "cdhash": "2d23bd0b1ff2a5104bde867e946465ac29c03554",
      "arch": "arm64"
    },
    {
      "path": "Logisim-Evolution-5.3.0-HC.pkg",
      "digestAlgorithm": "SHA-1",
      "cdhash": "23fc48d9d07efd83ddfad98e4c2ab403ca590bdf"
    }
  ],
  "issues": null
}
