{
  "logFormatVersion": 1,
  "jobId": "f2819470-7cb8-4592-8c04-ec4b99eee684",
  "status": "Accepted",
  "statusSummary": "Ready for distribution",
  "statusCode": 0,
  "archiveFilename": "Logisim-Evolution-5.0.4-HC-x86.pkg",
  "uploadDate": "2025-01-10T16:27:13.589Z",
  "sha256": "a798fc076f3460bb6ead1e4d63a571c4c34bcd5febefabf8b550c944d7190ee6",
  "ticketContents": [
    {
      "path": "Logisim-Evolution-5.0.4-HC-x86.pkg",
      "digestAlgorithm": "SHA-1",
      "cdhash": "15ba71b2b13fd8c2196773362e05bb4bbafcb76e"
    },
    {
      "path": "Logisim-Evolution-5.0.4-HC-x86.pkg/Logisim-Evolution-app.pkg Contents/Payload/Applications/Logisim-Evolution.app",
      "digestAlgorithm": "SHA-256",
      "cdhash": "e369f6aaf140837ef601a37a4db74cb04986670c",
      "arch": "x86_64"
    },
    {
      "path": "Logisim-Evolution-5.0.4-HC-x86.pkg/Logisim-Evolution-app.pkg Contents/Payload/Applications/Logisim-Evolution.app/Contents/MacOS/Logisim-Evolution",
      "digestAlgorithm": "SHA-256",
      "cdhash": "e369f6aaf140837ef601a37a4db74cb04986670c",
      "arch": "x86_64"
    },
    {
      "path": "Logisim-Evolution-5.0.4-HC-x86.pkg/Logisim-Evolution-app.pkg Contents/Payload/Applications/Logisim-Evolution.app/Contents/runtime/Contents/Home/bin/java",
      "digestAlgorithm": "SHA-256",
      "cdhash": "f307b397954fdf0ad78158dfec039712fe4d3ce9",
      "arch": "x86_64"
    },
    {
      "path": "Logisim-Evolution-5.0.4-HC-x86.pkg/Logisim-Evolution-app.pkg Contents/Payload/Applications/Logisim-Evolution.app/Contents/runtime/Contents/Home/bin/keytool",
      "digestAlgorithm": "SHA-256",
      "cdhash": "0f5cff1e7ca3394a2e1efe799d4d1c4c14449096",
      "arch": "x86_64"
    },
    {
      "path": "Logisim-Evolution-5.0.4-HC-x86.pkg/Logisim-Evolution-app.pkg Contents/Payload/Applications/Logisim-Evolution.app/Contents/runtime/Contents/Home/lib/libnet.dylib",
      "digestAlgorithm": "SHA-256",
      "cdhash": "45cdd32f452fb3a01215ef7d5e8c7bcd782f4a7a",
      "arch": "x86_64"
    },
    {
      "path": "Logisim-Evolution-5.0.4-HC-x86.pkg/Logisim-Evolution-app.pkg Contents/Payload/Applications/Logisim-Evolution.app/Contents/runtime/Contents/Home/lib/libnio.dylib",
      "digestAlgorithm": "SHA-256",
      "cdhash": "3ac7c8bf8f02bf29b2e526513cffb36c797eb28f",
      "arch": "x86_64"
    },
    {
      "path": "Logisim-Evolution-5.0.4-HC-x86.pkg/Logisim-Evolution-app.pkg Contents/Payload/Applications/Logisim-Evolution.app/Contents/runtime/Contents/Home/lib/libzip.dylib",
      "digestAlgorithm": "SHA-256",
      "cdhash": "2b7a2b74e5341d16f75f0e8d4c9511fbaf5b4db4",
      "arch": "x86_64"
    },
    {
      "path": "Logisim-Evolution-5.0.4-HC-x86.pkg/Logisim-Evolution-app.pkg Contents/Payload/Applications/Logisim-Evolution.app/Contents/runtime/Contents/Home/lib/libfreetype.dylib",
      "digestAlgorithm": "SHA-256",
      "cdhash": "20a4851b484a19db470fbbbf3e22681607d78700",
      "arch": "x86_64"
    },
    {
      "path": "Logisim-Evolution-5.0.4-HC-x86.pkg/Logisim-Evolution-app.pkg Contents/Payload/Applications/Logisim-Evolution.app/Contents/runtime/Contents/Home/lib/libjli.dylib",
      "digestAlgorithm": "SHA-256",
      "cdhash": "50314cd27a04d2c668b416a5546590a20c805209",
      "arch": "x86_64"
    },
    {
      "path": "Logisim-Evolution-5.0.4-HC-x86.pkg/Logisim-Evolution-app.pkg Contents/Payload/Applications/Logisim-Evolution.app/Contents/runtime/Contents/Home/lib/libsplashscreen.dylib",
      "digestAlgorithm": "SHA-256",
      "cdhash": "5318ae3c296840c601b4d769bdf442ac7e3e8859",
      "arch": "x86_64"
    },
    {
      "path": "Logisim-Evolution-5.0.4-HC-x86.pkg/Logisim-Evolution-app.pkg Contents/Payload/Applications/Logisim-Evolution.app/Contents/runtime/Contents/Home/lib/libjimage.dylib",
      "digestAlgorithm": "SHA-256",
      "cdhash": "881600d79051ff0ca03b9b7edd7b9111afc24542",
      "arch": "x86_64"
    },
    {
      "path": "Logisim-Evolution-5.0.4-HC-x86.pkg/Logisim-Evolution-app.pkg Contents/Payload/Applications/Logisim-Evolution.app/Contents/runtime/Contents/Home/lib/libosxui.dylib",
      "digestAlgorithm": "SHA-256",
      "cdhash": "6239747c97699c057b23b46aad7558ea0fd4d8ef",
      "arch": "x86_64"
    },
    {
      "path": "Logisim-Evolution-5.0.4-HC-x86.pkg/Logisim-Evolution-app.pkg Contents/Payload/Applications/Logisim-Evolution.app/Contents/runtime/Contents/Home/lib/libawt_lwawt.dylib",
      "digestAlgorithm": "SHA-256",
      "cdhash": "bf1f35dd638f73e5699a8f096e3985304a9c542b",
      "arch": "x86_64"
    },
    {
      "path": "Logisim-Evolution-5.0.4-HC-x86.pkg/Logisim-Evolution-app.pkg Contents/Payload/Applications/Logisim-Evolution.app/Contents/runtime/Contents/Home/lib/libjavajpeg.dylib",
      "digestAlgorithm": "SHA-256",
      "cdhash": "ef9e566f8fba50ac2162a365490ee4c35e5445d4",
      "arch": "x86_64"
    },
    {
      "path": "Logisim-Evolution-5.0.4-HC-x86.pkg/Logisim-Evolution-app.pkg Contents/Payload/Applications/Logisim-Evolution.app/Contents/runtime/Contents/Home/lib/libmlib_image.dylib",
      "digestAlgorithm": "SHA-256",
      "cdhash": "1acc6ed8356f335b22b0ae269394896e3cff6176",
      "arch": "x86_64"
    },
    {
      "path": "Logisim-Evolution-5.0.4-HC-x86.pkg/Logisim-Evolution-app.pkg Contents/Payload/Applications/Logisim-Evolution.app/Contents/runtime/Contents/Home/lib/libjsound.dylib",
      "digestAlgorithm": "SHA-256",
      "cdhash": "9ae0e5d999a252bc4729881c87d20cc055322ac5",
      "arch": "x86_64"
    },
    {
      "path": "Logisim-Evolution-5.0.4-HC-x86.pkg/Logisim-Evolution-app.pkg Contents/Payload/Applications/Logisim-Evolution.app/Contents/runtime/Contents/Home/lib/libjsig.dylib",
      "digestAlgorithm": "SHA-256",
      "cdhash": "83927be3db3fa9625f0d4bc14bfa9550520a490b",
      "arch": "x86_64"
    },
    {
      "path": "Logisim-Evolution-5.0.4-HC-x86.pkg/Logisim-Evolution-app.pkg Contents/Payload/Applications/Logisim-Evolution.app/Contents/runtime/Contents/Home/lib/libprefs.dylib",
      "digestAlgorithm": "SHA-256",
      "cdhash": "3a81f3c1d9f43f39b05895c75dc1f331d5624b04",
      "arch": "x86_64"
    },
    {
      "path": "Logisim-Evolution-5.0.4-HC-x86.pkg/Logisim-Evolution-app.pkg Contents/Payload/Applications/Logisim-Evolution.app/Contents/runtime/Contents/Home/lib/libjawt.dylib",
      "digestAlgorithm": "SHA-256",
      "cdhash": "d1c676af7b0e0e99fdcc7007080976a927595992",
      "arch": "x86_64"
    },
    {
      "path": "Logisim-Evolution-5.0.4-HC-x86.pkg/Logisim-Evolution-app.pkg Contents/Payload/Applications/Logisim-Evolution.app/Contents/runtime/Contents/Home/lib/libfontmanager.dylib",
      "digestAlgorithm": "SHA-256",
      "cdhash": "17e87ee0277c3348445ccddd063c7b5ef1f475ed",
      "arch": "x86_64"
    },
    {
      "path": "Logisim-Evolution-5.0.4-HC-x86.pkg/Logisim-Evolution-app.pkg Contents/Payload/Applications/Logisim-Evolution.app/Contents/runtime/Contents/Home/lib/jspawnhelper",
      "digestAlgorithm": "SHA-256",
      "cdhash": "58a4327977f85224dcb420bca0c4d641233fde8f",
      "arch": "x86_64"
    },
    {
      "path": "Logisim-Evolution-5.0.4-HC-x86.pkg/Logisim-Evolution-app.pkg Contents/Payload/Applications/Logisim-Evolution.app/Contents/runtime/Contents/Home/lib/libosxsecurity.dylib",
      "digestAlgorithm": "SHA-256",
      "cdhash": "a3095eab924197c481f199174846810c8327a9c1",
      "arch": "x86_64"
    },
    {
      "path": "Logisim-Evolution-5.0.4-HC-x86.pkg/Logisim-Evolution-app.pkg Contents/Payload/Applications/Logisim-Evolution.app/Contents/runtime/Contents/Home/lib/liblcms.dylib",
      "digestAlgorithm": "SHA-256",
      "cdhash": "940f48e340a0d18a3538bcf662f83f49717100b1",
      "arch": "x86_64"
    },
    {
      "path": "Logisim-Evolution-5.0.4-HC-x86.pkg/Logisim-Evolution-app.pkg Contents/Payload/Applications/Logisim-Evolution.app/Contents/runtime/Contents/Home/lib/libverify.dylib",
      "digestAlgorithm": "SHA-256",
      "cdhash": "ab24d564f16fc3f9349178499e8d4ff00ee6ca6b",
      "arch": "x86_64"
    },
    {
      "path": "Logisim-Evolution-5.0.4-HC-x86.pkg/Logisim-Evolution-app.pkg Contents/Payload/Applications/Logisim-Evolution.app/Contents/runtime/Contents/Home/lib/libjava.dylib",
      "digestAlgorithm": "SHA-256",
      "cdhash": "c05354627a4364d201a5ae981649cb26096114ca",
      "arch": "x86_64"
    },
    {
      "path": "Logisim-Evolution-5.0.4-HC-x86.pkg/Logisim-Evolution-app.pkg Contents/Payload/Applications/Logisim-Evolution.app/Contents/runtime/Contents/Home/lib/libawt.dylib",
      "digestAlgorithm": "SHA-256",
      "cdhash": "b827d97fb5637caaabbe19db371984b515eefb73",
      "arch": "x86_64"
    },
    {
      "path": "Logisim-Evolution-5.0.4-HC-x86.pkg/Logisim-Evolution-app.pkg Contents/Payload/Applications/Logisim-Evolution.app/Contents/runtime/Contents/Home/lib/libosx.dylib",
      "digestAlgorithm": "SHA-256",
      "cdhash": "1044a8eb34579b4427253006bfc2f7d524a8c3ac",
      "arch": "x86_64"
    },
    {
      "path": "Logisim-Evolution-5.0.4-HC-x86.pkg/Logisim-Evolution-app.pkg Contents/Payload/Applications/Logisim-Evolution.app/Contents/runtime/Contents/Home/lib/libosxapp.dylib",
      "digestAlgorithm": "SHA-256",
      "cdhash": "d1b8a6cd353cf06313361fe82fe1041af4022572",
      "arch": "x86_64"
    },
    {
      "path": "Logisim-Evolution-5.0.4-HC-x86.pkg/Logisim-Evolution-app.pkg Contents/Payload/Applications/Logisim-Evolution.app/Contents/runtime/Contents/Home/lib/server/libjvm.dylib",
      "digestAlgorithm": "SHA-256",
      "cdhash": "5df3dd86b0e0054bb79ae8089d0fec05c89b4261",
      "arch": "x86_64"
    },
    {
      "path": "Logisim-Evolution-5.0.4-HC-x86.pkg/Logisim-Evolution-app.pkg Contents/Payload/Applications/Logisim-Evolution.app/Contents/runtime/Contents/Home/lib/server/libjsig.dylib",
      "digestAlgorithm": "SHA-256",
      "cdhash": "83927be3db3fa9625f0d4bc14bfa9550520a490b",
      "arch": "x86_64"
    },
    {
      "path": "Logisim-Evolution-5.0.4-HC-x86.pkg/Logisim-Evolution-app.pkg Contents/Payload/Applications/Logisim-Evolution.app/Contents/runtime/Contents/MacOS/libjli.dylib",
      "digestAlgorithm": "SHA-256",
      "cdhash": "e958f8c7a48ee3c26a8d9bf535505003626d74e7",
      "arch": "x86_64"
    }
  ],
  "issues": null
}
